Traceback (most recent call last):
  File "/home/hydracache-admin/hydracache/scripts/perf/hazelcast-workload.py", line 81, in <module>
    sys.exit(main())
             ^^^^^^
  File "/home/hydracache-admin/hydracache/scripts/perf/hazelcast-workload.py", line 68, in main
    completed = sum(pool.map(worker, range(args.clients)))
                ^^^^^^^^^^^^^^^^^^^^^^^^^^^^^^^^^^^^^^^^^^
  File "/usr/lib/python3.12/concurrent/futures/_base.py", line 619, in result_iterator
    yield _result_or_cancel(fs.pop())
          ^^^^^^^^^^^^^^^^^^^^^^^^^^^
  File "/usr/lib/python3.12/concurrent/futures/_base.py", line 317, in _result_or_cancel
    return fut.result(timeout)
           ^^^^^^^^^^^^^^^^^^^
  File "/usr/lib/python3.12/concurrent/futures/_base.py", line 456, in result
    return self.__get_result()
           ^^^^^^^^^^^^^^^^^^^
  File "/usr/lib/python3.12/concurrent/futures/_base.py", line 401, in __get_result
    raise self._exception
  File "/usr/lib/python3.12/concurrent/futures/thread.py", line 58, in run
    result = self.fn(*self.args, **self.kwargs)
             ^^^^^^^^^^^^^^^^^^^^^^^^^^^^^^^^^^
  File "/home/hydracache-admin/hydracache/scripts/perf/hazelcast-workload.py", line 63, in worker
    future.result()
  File "/home/hydracache-admin/.venvs/hazelcast/lib/python3.12/site-packages/hazelcast/future.py", line 63, in result
    re_raise(self._exception, self._traceback)
  File "/home/hydracache-admin/.venvs/hazelcast/lib/python3.12/site-packages/hazelcast/util.py", line 450, in re_raise
    raise exception
hazelcast.errors.TargetDisconnectedError: TargetDisconnectedError
Terminated
